Assignment #5


Jayleen Lemon
October 25 2022
Linux Programing


jayleen@cscstudent-VirtualBox:~$ cat > alice.txt
In my dreams that fill the night,
I see your eyes,


$ command >> filename

^C
jayleen@cscstudent-VirtualBox:~$ command >> fileName

jayleen@cscstudent-VirtualBox:~$ cat >> alice.txt
And I fall into them,
Like Alice fell into Wonderland.

$ cat alice.txt
In my dreams that fill the night,              
I see your eyes,
And I fall into them,     
Like Alice fell into Wonderland.
$_^C
jayleen@cscstudent-VirtualBox:~$ command < fileName

jayleen@cscstudent-VirtualBox:~$ < fileName

jayleen@cscstudent-VirtualBox:~$ << word
> ^C

jayleen@cscstudent-VirtualBox:~$ vim `grep -1 debug
> 
> ^C

jayleen@cscstudent-VirtualBox:~$ date > date.txt; ls; pwd > pwd.txt
alice.tx   dead.letter  Downloads  Music     snap
alice.txt  Desktop      fileName   Pictures  Templates
date.txt   Documents    lyrics     Public    Videos

jayleen@cscstudent-VirtualBox:~$ cat date.txt
Wed 19 Oct 2022 07:37:54 PM CDT

jayleen@cscstudent-VirtualBox:~$ cat pwd.txt
/home/jayleen

jayleen@cscstudent-VirtualBox:~$ gcc myyprog.c && a.out
gcc: error: myyprog.c: No such file or directory
gcc: fatal error: no input files
compilation terminated.

jayleen@cscstudent-VirtualBox:~$ gcc myprog.c || echo compilation failed
gcc: error: myprog.c: No such file or directory
gcc: fatal error: no input files
compilation terminated.
compilation failed

jayleen@cscstudent-VirtualBox:~$ date; ls; pwd > out.txt
Wed 19 Oct 2022 07:40:19 PM CDT
alice.tx   dead.letter  Downloads  Music     pwd.txt    Videos
alice.txt  Desktop      fileName   Pictures  snap
date.txt   Documents    lyrics     Public    Templates

jayleen@cscstudent-VirtualBox:~$ find . -name a.c -print

jayleen@cscstudent-VirtualBox:~$ find . -name b.c -print &
[1] 4951

jayleen@cscstudent-VirtualBox:~$ date & pwd &
[2] 4954
[3] 4955
/home/jayleen
[1]   Done                    find . -name b.c -print

jayleen@cscstudent-VirtualBox:~$ Wed 19 Oct 2022 07:42:54 PM CDT
^C
[2]-  Done                    date
[3]+  Done                    pwd

jayleen@cscstudent-VirtualBox:~$ find . -name a.c -print > find.txt &
[1] 4956

jayleen@cscstudent-VirtualBox:~$ find . -name a.c -print | mail glass &
[2] 4972
[1]   Done                    find . -name a.c -print > find.txt

jayleen@cscstudent-VirtualBox:~$ mail: Null message body; hope that's ok
mail: cannot send message: Process exited with a non-zero status
^C
[2]+  Exit 36                 find . -name a.c -print | mail glass

jayleen@cscstudent-VirtualBox:~$ gcc program.c
gcc: error: program.c: No such file or directory
gcc: fatal error: no input files
compilation terminated.

jayleen@cscstudent-VirtualBox:~$ man ps > ps.txt &
[1] 4989

jayleen@cscstudent-VirtualBox:~$ cat > script.csh
#!/bin/csh
# This is a sample C shell script
^C
[1]+  Done                    man ps > ps.txt

jayleen@cscstudent-VirtualBox:~$ cat > script.ksh

^C
jayleen@cscstudent-VirtualBox:~$ chmod +x script.csh script.ksh

jayleen@cscstudent-VirtualBox:~$ ls -1FG script.csh script.ksh
script.csh*
script.ksh*

jayleen@cscstudent-VirtualBox:~$ ./script.csh

jayleen@cscstudent-VirtualBox:~$ ./script.ksh

jayleen@cscstudent-VirtualBox:~$ pwd
/home/jayleen

jayleen@cscstudent-VirtualBox:~$ (cd /; pwd)
/

jayleen@cscstudent-VirtualBox:~$ echo HOME = $HOME, PATH = $PATH
HOME = /home/jayleen, PATH = /usr/local/sbin:/usr/local/bin:/usr/sbin:/usr/bin:/sbin:/bin:/usr/games:/usr/local/games:/snap/bin

jayleen@cscstudent-VirtualBox:~$ echo MAIL = $MAIL
MAIL =

jayleen@cscstudent-VirtualBox:~$ echo USER = $USER, SHELL = $SHELL, TERM=#TERM
USER = jayleen, SHELL = /bin/bash, TERM=#TERM

jayleen@cscstudent-VirtualBox:~$ firstname=JUICE

jayleen@cscstudent-VirtualBox:~$ lastname=LEMON

jayleen@cscstudent-VirtualBox:~$ echo $firstname $lastname
JUICE LEMON

jayleen@cscstudent-VirtualBox:~$ export lastname

jayleen@cscstudent-VirtualBox:~$ sh
$ ^C  
$ ^C
$ ^C
$ echo $firstname $lastname
LEMON
$ echo $firstname $lastname
LEMON


jayleen@cscstudent-VirtualBox:~$ echo HOME = $HOME, PATH = $PATH
HOME = /home/jayleen, PATH = /usr/local/sbin:/usr/local/bin:/usr/sbin:/usr/bin:/sbin:/bin:/usr/games:/usr/local/games:/snap/bin

jayleen@cscstudent-VirtualBox:~$ echo MAIL = $MAIL
MAIL =

jayleen@cscstudent-VirtualBox:~$ echo USER = $USER, SHELL = $SHELL, TERM=$TERM
USER = jayleen, SHELL = /bin/bash, TERM=xterm-256color

jayleen@cscstudent-VirtualBox:~$ firstname=Juice

jayleen@cscstudent-VirtualBox:~$ lastname=Lemon

jayleen@cscstudent-VirtualBox:~$ echo $firstname $lastname
Juice Lemon

jayleen@cscstudent-VirtualBox:~$ cat script.sh
cat: script.sh: No such file or directory

jayleen@cscstudent-VirtualBox:~$ ./script.sh paul ringo george john
bash: ./script.sh: No such file or directory

jayleen@cscstudent-VirtualBox:~$ echo 3 * 4 = 12
3 alice.tx alice.txt bin date.txt dead.letter Desktop Documents Downloads fileName find.txt lyrics Music nohup.out out.txt Pictures ps.txt Public pwd.txt script.csh script.ksh snap Templates Videos 4 = 12

jayleen@cscstudent-VirtualBox:~$ echo "3 * 4 = 12"
3 * 4 = 12

jayleen@cscstudent-VirtualBox:~$ echo '3 * 4 = 12'
3 * 4 = 12

jayleen@cscstudent-VirtualBox:~$ name=Juice

jayleen@cscstudent-VirtualBox:~$ echo "my name is $name - date is `date`
> 
> ^C

jayleen@cscstudent-VirtualBox:~$ cat here.sh
cat: here.sh: No such file or directory

jayleen@cscstudent-VirtualBox:~$ ./here.sh glass
bash: ./here.sh: No such file or directory

jayleen@cscstudent-VirtualBox:~$ (sleep 10; echo done) &
[1] 5396

jayleen@cscstudent-VirtualBox:~$ ps
    PID TTY          TIME CMD
   5360 pts/0    00:00:00 bash
   5396 pts/0    00:00:00 bash
   5397 pts/0    00:00:00 sleep
   5398 pts/0    00:00:00 ps

jayleen@cscstudent-VirtualBox:~$ done
^C
[1]+  Done                    ( sleep 10; echo done )

jayleen@cscstudent-VirtualBox:~$ ps -f
UID          PID    PPID  C STIME TTY          TIME CMD
jayleen     5360    5352  0 20:16 pts/0    00:00:00 bash
jayleen     5399    5360  0 20:24 pts/0    00:00:00 ps -f

jayleen@cscstudent-VirtualBox:~$ ps -ef
UID          PID    PPID  C STIME TTY          TIME CMD
root           1       0  0 19:17 ?        00:00:01 /sbin/init splash
root           2       0  0 19:17 ?        00:00:00 [kthreadd]
root           3       2  0 19:17 ?        00:00:00 [rcu_gp]
root           4       2  0 19:17 ?        00:00:00 [rcu_par_gp]
root           6       2  0 19:17 ?        00:00:00 [kworker/0:0H-kblockd]
root           9       2  0 19:17 ?        00:00:00 [mm_percpu_wq]
root          10       2  0 19:17 ?        00:00:00 [ksoftirqd/0]
root          11       2  0 19:17 ?        00:00:00 [rcu_sched]
root          12       2  0 19:17 ?        00:00:00 [migration/0]
root          13       2  0 19:17 ?        00:00:00 [idle_inject/0]
root          14       2  0 19:17 ?        00:00:00 [cpuhp/0]
root          15       2  0 19:17 ?        00:00:00 [cpuhp/1]
root          16       2  0 19:17 ?        00:00:00 [idle_inject/1]
root          17       2  0 19:17 ?        00:00:00 [migration/1]
root          18       2  0 19:17 ?        00:00:00 [ksoftirqd/1]
root          20       2  0 19:17 ?        00:00:00 [kworker/1:0H]
root          21       2  0 19:17 ?        00:00:00 [cpuhp/2]
root          22       2  0 19:17 ?        00:00:00 [idle_inject/2]
root          23       2  0 19:17 ?        00:00:00 [migration/2]
root          24       2  0 19:17 ?        00:00:00 [ksoftirqd/2]
root          26       2  0 19:17 ?        00:00:00 [kworker/2:0H-kblockd]
root          27       2  0 19:17 ?        00:00:00 [cpuhp/3]
root          28       2  0 19:17 ?        00:00:00 [idle_inject/3]
root          29       2  0 19:17 ?        00:00:00 [migration/3]
root          30       2  0 19:17 ?        00:00:00 [ksoftirqd/3]
root          32       2  0 19:17 ?        00:00:00 [kworker/3:0H-kblockd]
root          33       2  0 19:17 ?        00:00:00 [kdevtmpfs]
root          34       2  0 19:17 ?        00:00:00 [netns]
root          35       2  0 19:17 ?        00:00:00 [rcu_tasks_kthre]
root          36       2  0 19:17 ?        00:00:00 [kauditd]
root          37       2  0 19:17 ?        00:00:00 [khungtaskd]
root          38       2  0 19:17 ?        00:00:00 [oom_reaper]
root          39       2  0 19:17 ?        00:00:00 [writeback]
root          40       2  0 19:17 ?        00:00:00 [kcompactd0]
root          41       2  0 19:17 ?        00:00:00 [ksmd]
root          42       2  0 19:17 ?        00:00:00 [khugepaged]
root          89       2  0 19:17 ?        00:00:00 [kintegrityd]
root          90       2  0 19:17 ?        00:00:00 [kblockd]
root          91       2  0 19:17 ?        00:00:00 [blkcg_punt_bio]
root          92       2  0 19:17 ?        00:00:00 [tpm_dev_wq]
root          93       2  0 19:17 ?        00:00:00 [ata_sff]
root          94       2  0 19:17 ?        00:00:00 [md]
root          95       2  0 19:17 ?        00:00:00 [edac-poller]
root          96       2  0 19:17 ?        00:00:00 [devfreq_wq]
root          97       2  0 19:17 ?        00:00:00 [watchdogd]
root         100       2  0 19:17 ?        00:00:00 [kswapd0]
root         101       2  0 19:17 ?        00:00:00 [ecryptfs-kthrea]
root         103       2  0 19:17 ?        00:00:00 [kthrotld]
root         104       2  0 19:17 ?        00:00:00 [acpi_thermal_pm]
root         105       2  0 19:17 ?        00:00:00 [scsi_eh_0]
root         106       2  0 19:17 ?        00:00:00 [scsi_tmf_0]
root         107       2  0 19:17 ?        00:00:00 [scsi_eh_1]
root         108       2  0 19:17 ?        00:00:00 [scsi_tmf_1]
root         110       2  0 19:17 ?        00:00:00 [vfio-irqfd-clea]
root         113       2  0 19:17 ?        00:00:00 [ipv6_addrconf]
root         115       2  0 19:17 ?        00:00:00 [kworker/2:1-events]
root         123       2  0 19:17 ?        00:00:00 [kstrp]
root         126       2  0 19:17 ?        00:00:00 [kworker/u9:0]
root         139       2  0 19:17 ?        00:00:00 [charger_manager]
root         140       2  0 19:17 ?        00:00:00 [kworker/2:1H-kblockd]
root         191       2  0 19:17 ?        00:00:00 [scsi_eh_2]
root         192       2  0 19:17 ?        00:00:00 [scsi_tmf_2]
root         194       2  0 19:17 ?        00:00:00 [kworker/1:1H-kblockd]
root         195       2  0 19:17 ?        00:00:00 [kworker/0:1H-kblockd]
root         196       2  0 19:17 ?        00:00:00 [kworker/3:1H-kblockd]
root         217       2  0 19:17 ?        00:00:00 [jbd2/sda5-8]
root         218       2  0 19:17 ?        00:00:00 [ext4-rsv-conver]
root         261       1  0 19:17 ?        00:00:00 /lib/systemd/systemd-journal
root         289       2  0 19:17 ?        00:00:00 [irq/18-vmwgfx]
root         290       2  0 19:17 ?        00:00:00 [ttm_swap]
root         292       2  0 19:17 ?        00:00:00 [loop0]
root         297       2  0 19:17 ?        00:00:00 [loop1]
root         301       2  0 19:17 ?        00:00:00 [loop2]
root         302       2  0 19:17 ?        00:00:00 [loop3]
root         317       2  0 19:17 ?        00:00:00 [loop4]
root         318       2  0 19:17 ?        00:00:00 [loop5]
root         321       1  0 19:17 ?        00:00:00 /lib/systemd/systemd-udevd
root         325       2  0 19:17 ?        00:00:00 [loop6]
root         328       2  0 19:17 ?        00:00:00 [loop8]
root         354       2  0 19:17 ?        00:00:00 [loop9]
root         357       2  0 19:17 ?        00:00:00 [loop10]
root         358       2  0 19:17 ?        00:00:00 [loop11]
root         359       2  0 19:17 ?        00:00:00 [loop12]
root         360       2  0 19:17 ?        00:00:00 [loop13]
root         362       2  0 19:17 ?        00:00:00 [loop14]
root         366       2  0 19:17 ?        00:00:00 [iprt-VBoxWQueue]
root         382       2  0 19:17 ?        00:00:00 [loop15]
root         390       2  0 19:17 ?        00:00:00 [loop16]
root         395       2  0 19:17 ?        00:00:00 [cryptd]
root         402       2  0 19:17 ?        00:00:00 [loop17]
root         431       2  0 19:17 ?        00:00:00 [loop18]
root         433       2  0 19:17 ?        00:00:00 [loop19]
root         446       2  0 19:17 ?        00:00:00 [loop20]
root         467       2  0 19:17 ?        00:00:00 [loop21]
root         532       2  0 19:17 ?        00:00:00 [loop23]
root         533       2  0 19:17 ?        00:00:00 [loop24]
systemd+     630       1  0 19:17 ?        00:00:00 /lib/systemd/systemd-resolve
systemd+     631       1  0 19:17 ?        00:00:00 /lib/systemd/systemd-timesyn
root         662       1  0 19:17 ?        00:00:00 /usr/lib/accountsservice/acc
root         663       1  0 19:17 ?        00:00:00 /usr/sbin/acpid
avahi        667       1  0 19:17 ?        00:00:00 avahi-daemon: running [cscst
root         668       1  0 19:17 ?        00:00:00 /usr/sbin/cron -f
message+     670       1  0 19:17 ?        00:00:00 /usr/bin/dbus-daemon --syste
root         671       1  0 19:17 ?        00:00:00 /usr/sbin/NetworkManager --n
root         678       1  0 19:17 ?        00:00:00 /usr/sbin/irqbalance --foreg
root         681       1  0 19:17 ?        00:00:00 /usr/bin/python3 /usr/bin/ne
root         686       1  0 19:17 ?        00:00:00 /usr/lib/policykit-1/polkitd
syslog       690       1  0 19:17 ?        00:00:00 /usr/sbin/rsyslogd -n -iNONE
root         698       1  0 19:17 ?        00:00:00 /usr/libexec/switcheroo-cont
root         699       1  0 19:17 ?        00:00:00 /lib/systemd/systemd-logind
root         701       1  0 19:17 ?        00:00:00 /usr/lib/udisks2/udisksd
root         702       1  0 19:17 ?        00:00:00 /sbin/wpa_supplicant -u -s -
daemon       706       1  0 19:17 ?        00:00:00 /usr/sbin/atd -f
avahi        713     667  0 19:17 ?        00:00:00 avahi-daemon: chroot helper
root         760       1  0 19:17 ?        00:00:00 /usr/sbin/cupsd -l
root         777       1  0 19:17 ?        00:00:00 /usr/sbin/cups-browsed
root         784       1  0 19:17 ?        00:00:00 /usr/sbin/ModemManager --fil
root         790       1  0 19:17 ?        00:00:00 /usr/bin/python3 /usr/share/
root         813       1  0 19:17 ?        00:00:00 /usr/sbin/gdm3
whoopsie     845       1  0 19:17 ?        00:00:00 /usr/bin/whoopsie -f
kernoops     852       1  0 19:17 ?        00:00:00 /usr/sbin/kerneloops --test
kernoops     856       1  0 19:17 ?        00:00:00 /usr/sbin/kerneloops
mysql        915       1  0 19:17 ?        00:00:05 /usr/sbin/mysqld
rtkit        927       1  0 19:17 ?        00:00:00 /usr/libexec/rtkit-daemon
root        1092       1  0 19:17 ?        00:00:00 /usr/lib/upower/upowerd
colord      1365       1  0 19:17 ?        00:00:00 /usr/libexec/colord
root        1398     813  0 19:17 ?        00:00:00 gdm-session-worker [pam/gdm-
jayleen     1424       1  0 19:17 ?        00:00:00 /lib/systemd/systemd --user
jayleen     1425    1424  0 19:17 ?        00:00:00 (sd-pam)
jayleen     1430    1424  0 19:17 ?        00:00:00 /usr/bin/pulseaudio --daemon
jayleen     1432    1424  0 19:17 ?        00:00:00 /usr/libexec/tracker-miner-f
jayleen     1434    1424  0 19:17 ?        00:00:00 /usr/bin/dbus-daemon --sessi
jayleen     1441    1424  0 19:17 ?        00:00:00 /usr/libexec/gvfsd
jayleen     1446    1424  0 19:17 ?        00:00:00 /usr/libexec/gvfsd-fuse /run
jayleen     1448       1  0 19:17 ?        00:00:00 /usr/bin/gnome-keyring-daemo
jayleen     1468    1424  0 19:17 ?        00:00:00 /usr/libexec/gvfs-udisks2-vo
jayleen     1476    1424  0 19:17 ?        00:00:00 /usr/libexec/gvfs-afc-volume
jayleen     1481    1424  0 19:17 ?        00:00:00 /usr/libexec/gvfs-mtp-volume
jayleen     1484    1398  0 19:17 tty2     00:00:00 /usr/lib/gdm3/gdm-x-session 
jayleen     1487    1424  0 19:17 ?        00:00:00 /usr/libexec/gvfs-gphoto2-vo
jayleen     1492    1484  0 19:17 tty2     00:00:18 /usr/lib/xorg/Xorg vt2 -disp
jayleen     1493    1424  0 19:17 ?        00:00:00 /usr/libexec/gvfs-goa-volume
jayleen     1497    1424  0 19:17 ?        00:00:00 /usr/libexec/goa-daemon
jayleen     1504    1424  0 19:17 ?        00:00:00 /usr/libexec/goa-identity-se
jayleen     1536    1484  0 19:17 tty2     00:00:00 /usr/libexec/gnome-session-b
jayleen     1603    1536  0 19:17 ?        00:00:00 /usr/bin/ssh-agent /usr/bin/
jayleen     1630    1424  0 19:17 ?        00:00:00 /usr/libexec/at-spi-bus-laun
jayleen     1635    1630  0 19:17 ?        00:00:00 /usr/bin/dbus-daemon --confi
jayleen     1656    1424  0 19:17 ?        00:00:00 /usr/libexec/gnome-session-c
jayleen     1663    1424  0 19:17 ?        00:00:00 /usr/libexec/gnome-session-b
jayleen     1677    1424  0 19:17 ?        00:00:32 /usr/bin/gnome-shell
jayleen     1707    1424  0 19:17 ?        00:00:00 /usr/libexec/gvfsd-metadata
jayleen     1710    1677  0 19:17 ?        00:00:00 ibus-daemon --panel disable 
jayleen     1714    1710  0 19:17 ?        00:00:00 /usr/libexec/ibus-dconf
jayleen     1715    1710  0 19:17 ?        00:00:00 /usr/libexec/ibus-extension-
jayleen     1719    1424  0 19:17 ?        00:00:00 /usr/libexec/ibus-x11 --kill
jayleen     1721    1424  0 19:17 ?        00:00:00 /usr/libexec/ibus-portal
jayleen     1732    1424  0 19:17 ?        00:00:00 /usr/libexec/at-spi2-registr
jayleen     1736    1424  0 19:17 ?        00:00:00 /usr/libexec/xdg-permission-
jayleen     1740    1424  0 19:17 ?        00:00:00 /usr/libexec/gnome-shell-cal
jayleen     1749    1424  0 19:17 ?        00:00:00 /usr/libexec/evolution-sourc
jayleen     1757    1424  0 19:17 ?        00:00:00 /usr/libexec/evolution-calen
jayleen     1768    1424  0 19:17 ?        00:00:00 /usr/libexec/dconf-service
jayleen     1773    1424  0 19:17 ?        00:00:00 /usr/libexec/evolution-addre
jayleen     1776    1424  0 19:17 ?        00:00:00 /usr/bin/gjs /usr/share/gnom
jayleen     1787    1424  0 19:17 ?        00:00:00 /usr/libexec/gsd-a11y-settin
jayleen     1788    1424  0 19:17 ?        00:00:00 /usr/libexec/gsd-color
jayleen     1789    1424  0 19:17 ?        00:00:00 /usr/libexec/gsd-datetime
jayleen     1792    1424  0 19:17 ?        00:00:00 /usr/libexec/gsd-housekeepin
jayleen     1793    1424  0 19:17 ?        00:00:00 /usr/libexec/gsd-keyboard
jayleen     1794    1424  0 19:17 ?        00:00:00 /usr/libexec/gsd-media-keys
jayleen     1795    1424  0 19:17 ?        00:00:00 /usr/libexec/gsd-power
jayleen     1796    1424  0 19:17 ?        00:00:00 /usr/libexec/gsd-print-notif
jayleen     1797    1424  0 19:17 ?        00:00:00 /usr/libexec/gsd-rfkill
jayleen     1800    1424  0 19:17 ?        00:00:00 /usr/libexec/gsd-screensaver
jayleen     1805    1424  0 19:17 ?        00:00:00 /usr/libexec/gsd-sharing
jayleen     1807    1424  0 19:17 ?        00:00:00 /usr/libexec/gsd-smartcard
jayleen     1808    1424  0 19:17 ?        00:00:00 /usr/libexec/gsd-sound
jayleen     1810    1424  0 19:17 ?        00:00:00 /usr/libexec/gsd-usb-protect
jayleen     1814    1424  0 19:17 ?        00:00:00 /usr/libexec/gsd-wacom
jayleen     1816    1424  0 19:17 ?        00:00:00 /usr/libexec/gsd-wwan
jayleen     1820    1424  0 19:17 ?        00:00:00 /usr/libexec/gsd-xsettings
jayleen     1839    1663  0 19:17 ?        00:00:00 /usr/libexec/gsd-disk-utilit
jayleen     1843    1663  0 19:17 ?        00:00:00 /usr/libexec/evolution-data-
jayleen     1877    1424  0 19:17 ?        00:00:00 /usr/libexec/gsd-printer
jayleen     1916    1441  0 19:17 ?        00:00:00 /usr/libexec/gvfsd-trash --s
jayleen     1943    1424  0 19:17 ?        00:00:03 /snap/snap-store/599/usr/bin
jayleen     1965    1710  0 19:17 ?        00:00:00 /usr/libexec/ibus-engine-sim
jayleen     1970    1424  0 19:17 ?        00:00:00 /usr/libexec/xdg-document-po
jayleen     2080    1424  0 19:17 ?        00:00:00 /usr/libexec/xdg-desktop-por
jayleen     2084    1424  0 19:17 ?        00:00:00 /usr/libexec/xdg-desktop-por
root        2097       1  0 19:17 ?        00:00:00 /usr/libexec/fwupd/fwupd
jayleen     3213    1663  0 19:18 ?        00:00:00 update-notifier
jayleen     3880    1424  0 19:23 ?        00:00:06 /snap/sublime-text/112/opt/s
jayleen     3901    3880  0 19:23 ?        00:00:00 /snap/sublime-text/112/opt/s
jayleen     3904    3880  0 19:23 ?        00:00:00 /snap/sublime-text/112/opt/s
root        4255       2  0 19:27 ?        00:00:00 [loop25]
root        4299       1  0 19:27 ?        00:00:05 /usr/lib/snapd/snapd
root        4660       2  0 19:28 ?        00:00:00 [loop22]
root        4913       2  0 19:40 ?        00:00:00 [kworker/u8:2-events_unbound
root        4987       2  0 19:45 ?        00:00:00 [kworker/u8:1-events_unbound
root        5143       2  0 19:52 ?        00:00:00 [kworker/2:2-events]
root        5226       2  0 20:06 ?        00:00:00 [kworker/1:2-events]
jayleen     5237    1424  0 20:09 ?        00:00:00 sleep 10000
root        5258       2  0 20:11 ?        00:00:00 [kworker/0:2-events]
root        5260       2  0 20:12 ?        00:00:00 [kworker/1:1-events]
root        5287       2  0 20:12 ?        00:00:00 [kworker/3:2-events]
jayleen     5352    1424  0 20:16 ?        00:00:01 /usr/libexec/gnome-terminal-
jayleen     5360    5352  0 20:16 pts/0    00:00:00 bash
root        5384       2  0 20:17 ?        00:00:00 [kworker/3:0-events]
root        5386       2  0 20:18 ?        00:00:00 [kworker/0:1-events]
root        5393       2  0 20:22 ?        00:00:00 [kworker/u8:0-events_power_e
jayleen     5400    5360  0 20:24 pts/0    00:00:00 ps -ef

jayleen@cscstudent-VirtualBox:~$ nohup sleep 10000
nohup: ignoring input and appending output to 'nohup.out'
^C

jayleen@cscstudent-VirtualBox:~$ ps
    PID TTY          TIME CMD
   4266 pts/0    00:00:00 bash
   4276 pts/0    00:00:00 ps

jayleen@cscstudent-VirtualBox:~$ ps -x
    PID TTY      STAT   TIME COMMAND
   1449 ?        Ss     0:00 /lib/systemd/systemd --user
   1450 ?        S      0:00 (sd-pam)
   1455 ?        S<sl   0:00 /usr/bin/pulseaudio --daemonize=no --log-target=jou
   1457 ?        SNsl   0:00 /usr/libexec/tracker-miner-fs
   1459 ?        Ss     0:00 /usr/bin/dbus-daemon --session --address=systemd: -
   1464 ?        Ssl    0:00 /usr/libexec/gvfsd
   1469 ?        Sl     0:00 /usr/libexec/gvfsd-fuse /run/user/1001/gvfs -f -o b
   1488 ?        Ssl    0:00 /usr/libexec/gvfs-udisks2-volume-monitor
   1492 ?        Sl     0:00 /usr/bin/gnome-keyring-daemon --daemonize --login
   1499 ?        Ssl    0:00 /usr/libexec/gvfs-afc-volume-monitor
   1505 ?        Ssl    0:00 /usr/libexec/gvfs-mtp-volume-monitor
   1506 tty2     Ssl+   0:00 /usr/lib/gdm3/gdm-x-session --run-script env GNOME_
   1510 ?        Ssl    0:00 /usr/libexec/gvfs-gphoto2-volume-monitor
   1514 ?        Ssl    0:00 /usr/libexec/gvfs-goa-volume-monitor
   1517 tty2     Sl+    0:04 /usr/lib/xorg/Xorg vt2 -displayfd 3 -auth /run/user
   1520 ?        Sl     0:00 /usr/libexec/goa-daemon
   1527 ?        Sl     0:00 /usr/libexec/goa-identity-service
   1557 tty2     Sl+    0:00 /usr/libexec/gnome-session-binary --systemd --syste
   1575 ?        Ss     0:00 /usr/bin/ssh-agent -- env GNOME_SHELL_SESSION_MODE=
   1587 ?        Ssl    0:00 /usr/libexec/at-spi-bus-launcher
   1592 ?        S      0:00 /usr/bin/dbus-daemon --config-file=/usr/share/defau
   1613 ?        Ssl    0:00 /usr/libexec/gnome-session-ctl --monitor
   1620 ?        Ssl    0:00 /usr/libexec/gnome-session-binary --systemd-service
   1634 ?        Ssl    0:11 /usr/bin/gnome-shell
   1662 ?        Ssl    0:00 /usr/libexec/gvfsd-metadata
   1665 ?        Sl     0:00 ibus-daemon --panel disable --xim
   1669 ?        Sl     0:00 /usr/libexec/ibus-dconf
   1670 ?        Sl     0:00 /usr/libexec/ibus-extension-gtk3
   1674 ?        Sl     0:00 /usr/libexec/ibus-x11 --kill-daemon
   1676 ?        Sl     0:00 /usr/libexec/ibus-portal
   1688 ?        Sl     0:00 /usr/libexec/at-spi2-registryd --use-gnome-session
   1691 ?        Ssl    0:00 /usr/libexec/xdg-permission-store
   1696 ?        Sl     0:00 /usr/libexec/gnome-shell-calendar-server
   1707 ?        Ssl    0:00 /usr/libexec/evolution-source-registry
   1714 ?        Ssl    0:00 /usr/libexec/evolution-calendar-factory
   1724 ?        Sl     0:00 /usr/libexec/dconf-service
   1732 ?        Ssl    0:00 /usr/libexec/evolution-addressbook-factory
   1734 ?        Sl     0:00 /usr/bin/gjs /usr/share/gnome-shell/org.gnome.Shell
   1753 ?        Sl     0:00 /usr/libexec/gvfsd-trash --spawner :1.3 /org/gtk/gv
   1756 ?        Ssl    0:00 /usr/libexec/gsd-a11y-settings
   1757 ?        Ssl    0:00 /usr/libexec/gsd-color
   1758 ?        Ssl    0:00 /usr/libexec/gsd-datetime
   1763 ?        Ssl    0:00 /usr/libexec/gsd-housekeeping
   1764 ?        Ssl    0:00 /usr/libexec/gsd-keyboard
   1765 ?        Ssl    0:00 /usr/libexec/gsd-media-keys
   1766 ?        Ssl    0:00 /usr/libexec/gsd-power
   1767 ?        Ssl    0:00 /usr/libexec/gsd-print-notifications
   1768 ?        Ssl    0:00 /usr/libexec/gsd-rfkill
   1775 ?        Ssl    0:00 /usr/libexec/gsd-screensaver-proxy
   1776 ?        Ssl    0:00 /usr/libexec/gsd-sharing
   1785 ?        Ssl    0:00 /usr/libexec/gsd-smartcard
   1787 ?        Ssl    0:00 /usr/libexec/gsd-sound
   1789 ?        Ssl    0:00 /usr/libexec/gsd-usb-protection
   1790 ?        Ssl    0:00 /usr/libexec/gsd-wacom
   1791 ?        Ssl    0:00 /usr/libexec/gsd-wwan
   1799 ?        Sl     0:00 /usr/libexec/gsd-disk-utility-notify
   1800 ?        Ssl    0:00 /usr/libexec/gsd-xsettings
   1810 ?        Sl     0:00 /usr/libexec/evolution-data-server/evolution-alarm-
   1873 ?        Sl     0:00 /usr/libexec/gsd-printer
   1903 ?        Sl     0:00 /usr/libexec/ibus-engine-simple
   1911 ?        Sl     0:04 /snap/snap-store/599/usr/bin/snap-store --gapplicat
   1940 ?        Ssl    0:00 /usr/libexec/xdg-document-portal
   2035 ?        Ssl    0:00 /usr/libexec/xdg-desktop-portal
   2039 ?        Ssl    0:00 /usr/libexec/xdg-desktop-portal-gtk
   2077 ?        Sl     0:02 /snap/sublime-text/112/opt/sublime_text/sublime_tex
   2099 ?        Sl     0:00 /snap/sublime-text/112/opt/sublime_text/plugin_host
   2102 ?        Sl     0:00 /snap/sublime-text/112/opt/sublime_text/plugin_host
   3590 ?        Sl     0:00 update-notifier
   4258 ?        Ssl    0:00 /usr/libexec/gnome-terminal-server
   4266 pts/0    Ss     0:00 bash
   4277 pts/0    R+     0:00 ps -x

jayleen@cscstudent-VirtualBox:~$ (sleep 10; echo done) &&
> ^C

jayleen@cscstudent-VirtualBox:~$ kill -1
kill: usage: kill [-s sigspec | -n signum | -sigspec] pid | jobspec ... or kill -l [sigspec]

jayleen@cscstudent-VirtualBox:~$ kill -KILL 27490
bash: kill: (27490) - No such process

jayleen@cscstudent-VirtualBox:~$ (sleep 10; echo done) &&
> ^C
jayleen@cscstudent-VirtualBox:~$ kill -1
kill: usage: kill [-s sigspec | -n signum | -sigspec] pid | jobspec ... or kill -l [sigspec]

jayleen@cscstudent-VirtualBox:~$ kill -KILL 27490
bash: kill: (27490) - No such process

jayleen@cscstudent-VirtualBox:~$ (sleep 30; echo done 1) &
[1] 4300

jayleen@cscstudent-VirtualBox:~$ (sleep 30; echo done 2) &
[2] 4304

jayleen@cscstudent-VirtualBox:~$ echo done 3;done 1
^C
[1]-  Done                    ( sleep 30; echo done 1 )

jayleen@cscstudent-VirtualBox:~$ echodone 2
^C
[2]+  Done                    ( sleep 30; echo done 2 )

jayleen@cscstudent-VirtualBox:~$ /bin/ls
alice.tx   dead.letter  fileName  nohup.out  Public  snap
alice.txt  Desktop  find.txt  out.txt    pwd.txt     Templates
bin    Documents    lyrics    Pictures   script.csh  Videos
date.txt   Downloads    Music     ps.txt     script.ksh

jayleen@cscstudent-VirtualBox:~$ /bin/nsx
bash: /bin/nsx: No such file or directory

jayleen@cscstudent-VirtualBox:~$ /etc/passwd
bash: /etc/passwd: Permission denied

jayleen@cscstudent-VirtualBox:~$ echo $PATH
/home/jayleen/bin:/usr/local/sbin:/usr/local/bin:/usr/sbin:/usr/bin:/sbin:/bin:/usr/games:/usr/local/games:/snap/bin

jayleen@cscstudent-VirtualBox:~$ ls

jayleen@cscstudent-VirtualBox:~$ nsx

Command 'nsx' not found, did you mean:

  command 'nsw' from snap nsw (0+git.b61ddec)
  command 'nsm' from snap nift (2.4.12)
  command 'nax' from snap nax (0.0.35)
  command 'nsm' from deb linuxptp (1.9.2-1)
  command 'npx' from deb npm (6.14.4+ds-1ubuntu2)
  command 'nex' from deb nvi (1.81.6-15build1)
  command 'nsd' from deb nsd (4.1.26-1build1)
  command 'nox' from deb nox (2019.5.30-2)
  command 'ns6' from deb ipv6toolkit (2.0-1)
  command 'nse' from deb ns2 (2.35+dfsg-3build1)
  command 'sx' from deb lrzsz (0.12.21-10)
  command 'ns' from deb ns2 (2.35+dfsg-3build1)
  command 'osx' from deb opensp (1.5.2-13ubuntu3)
  command 'nyx' from deb nyx (2.1.0-2)

See 'snap info <snapname>' for additional versions.

jayleen@cscstudent-VirtualBox:~$ mkdir bin
mkdir: cannot create directory ‘bin’: File exists

jayleen@cscstudent-VirtualBox:~$ cd bin

jayleen@cscstudent-VirtualBox:~/bin$ cat > ls
^C

jayleen@cscstudent-VirtualBox:~$ mkdir bin
mkdir: cannot create directory ‘bin’: File exists
jayleen@cscstudent-VirtualBox:~$ cd bin
jayleen@cscstudent-VirtualBox:~/bin$ cat > ls
^C
jayleen@cscstudent-VirtualBox:~/bin$ chmod +x ls
jayleen@cscstudent-VirtualBox:~/bin$ echo $HOME
/home/jayleen
jayleen@cscstudent-VirtualBox:~/bin$ date
Thu 20 Oct 2022 11:34:51 AM CDT
jayleen@cscstudent-VirtualBox:~/bin$ gcc prog.c
gcc: error: prog.c: No such file or directory
gcc: fatal error: no input files
compilation terminated.
jayleen@cscstudent-VirtualBox:~/bin$ gawk

Command 'gawk' not found, but can be installed with:

sudo apt install gawk

jayleen@cscstudent-VirtualBox:~/bin$ echo $?
127

jayleen@cscstudent-VirtualBox:~/bin$ cat script.sh
cat: script.sh: No such file or directory

jayleen@cscstudent-VirtualBox:~/bin$ /script.sh
bash: /script.sh: No such file or directory

jayleen@cscstudent-VirtualBox:~/bin$ echo x=5
x=5

jayleen@cscstudent-VirtualBox:~/bin$ cat shift.csh
cat: shift.csh: No such file or directory

jayleen@cscstudent-VirtualBox:~/bin$ ./shift.csh a b c d
bash: ./shift.csh: No such file or directory

jayleen@cscstudent-VirtualBox:~/bin$ ./shift.csh a
bash: ./shift.csh: No such file or directory

jayleen@cscstudent-VirtualBox:~/bin$ date > date.txt

jayleen@cscstudent-VirtualBox:~/bin$ ls -lG date.txt

jayleen@cscstudent-VirtualBox:~/bin$ umask
0002

jayleen@cscstudent-VirtualBox:~/bin$ umask 0

jayleen@cscstudent-VirtualBox:~/bin$ date > date2.txt

jayleen@cscstudent-VirtualBox:~/bin$ exec date
